Reading netlist file: "C:\ProjetosGithub\TCC_CHIP_DIGITAL\TCC_FINAL\0-codigo_DPDnano\fpga_DPDnano_lite_v3_2\impl\gwsynthesis\fpga_DPDnano_lite_v3_2.vg"
Parsing netlist file "C:\ProjetosGithub\TCC_CHIP_DIGITAL\TCC_FINAL\0-codigo_DPDnano\fpga_DPDnano_lite_v3_2\impl\gwsynthesis\fpga_DPDnano_lite_v3_2.vg" completed
Processing netlist completed
Reading constraint file: "C:\ProjetosGithub\TCC_CHIP_DIGITAL\TCC_FINAL\0-codigo_DPDnano\fpga_DPDnano_lite_v3_2\src\testes_hardware_HWxxx\hw024\rtl\dpdnano_hw024_dpd.cst"
Physical Constraint parsed completed
Running placement......
[10%] Placement Phase 0 completed
[20%] Placement Phase 1 completed
[30%] Placement Phase 2 completed
[50%] Placement Phase 3 completed
Running routing......
[60%] Routing Phase 0 completed
[70%] Routing Phase 1 completed
[80%] Routing Phase 2 completed
WARN  (PR1014) : Generic routing resource will be used to clock signal 'clk_27mhz_d' by the specified constraint. And then it may lead to the excessive delay or skew
[90%] Routing Phase 3 completed
Running timing analysis......
[95%] Timing analysis completed
Placement and routing completed
Bitstream generation in progress......
Bitstream generation completed
Running power analysis......
[100%] Power analysis completed
Generate file "C:\ProjetosGithub\TCC_CHIP_DIGITAL\TCC_FINAL\0-codigo_DPDnano\fpga_DPDnano_lite_v3_2\impl\pnr\fpga_DPDnano_lite_v3_2.power.html" completed
Generate file "C:\ProjetosGithub\TCC_CHIP_DIGITAL\TCC_FINAL\0-codigo_DPDnano\fpga_DPDnano_lite_v3_2\impl\pnr\fpga_DPDnano_lite_v3_2.pin.html" completed
Generate file "C:\ProjetosGithub\TCC_CHIP_DIGITAL\TCC_FINAL\0-codigo_DPDnano\fpga_DPDnano_lite_v3_2\impl\pnr\fpga_DPDnano_lite_v3_2.rpt.html" completed
Generate file "C:\ProjetosGithub\TCC_CHIP_DIGITAL\TCC_FINAL\0-codigo_DPDnano\fpga_DPDnano_lite_v3_2\impl\pnr\fpga_DPDnano_lite_v3_2.rpt.txt" completed
Generate file "C:\ProjetosGithub\TCC_CHIP_DIGITAL\TCC_FINAL\0-codigo_DPDnano\fpga_DPDnano_lite_v3_2\impl\pnr\fpga_DPDnano_lite_v3_2.tr.html" completed
Tue Aug 11 17:07:06 2026

